11:51:26 **** Incremental Build of configuration Debug for project fir ****
make all 
D:/XILINX_IDE/Vitis/2020.2/gnuwin/bin/make --no-print-directory pre-build
a9-linaro-pre-build-step
' '
D:/XILINX_IDE/Vitis/2020.2/gnuwin/bin/make --no-print-directory main-build
'Building file: ../src/helloworld.c'
'Invoking: ARM v7 gcc compiler'
arm-none-eabi-gcc -Wall -O0 -g3 -c -fmessage-length=0 -MT"src/helloworld.o" -mcpu=cortex-a9 -mfpu=vfpv3 -mfloat-abi=hard -IC:/Users/hanqi/Desktop/EDA_XILINX/FIR_COE20/vivado_prj/vitis/design_1_wrapper/export/design_1_wrapper/sw/design_1_wrapper/standalone_ps7_cortexa9_0/bspinclude/include -MMD -MP -MF"src/helloworld.d" -MT"src/helloworld.o" -o "src/helloworld.o" "../src/helloworld.c"
'Finished building: ../src/helloworld.c'
' '
'Building target: fir.elf'
'Invoking: ARM v7 gcc linker'
arm-none-eabi-gcc -mcpu=cortex-a9 -mfpu=vfpv3 -mfloat-abi=hard -Wl,-build-id=none -specs=Xilinx.spec -Wl,-T -Wl,../src/lscript.ld -LC:/Users/hanqi/Desktop/EDA_XILINX/FIR_COE20/vivado_prj/vitis/design_1_wrapper/export/design_1_wrapper/sw/design_1_wrapper/standalone_ps7_cortexa9_0/bsplib/lib -o "fir.elf"  ./src/helloworld.o ./src/platform.o   -Wl,--start-group,-lxil,-lgcc,-lc,--end-group
'Finished building target: fir.elf'
' '
'Invoking: ARM v7 Print Size'
arm-none-eabi-size fir.elf  |tee "fir.elf.size"
   text	   data	    bss	    dec	    hex	filename
  22288	   1144	  22568	  46000	   b3b0	fir.elf
'Finished building: fir.elf.size'
' '

11:51:27 Build Finished (took 715ms)

